// Jest Snapshot v1, https://goo.gl/fbAQLP

exports[`test convertRender convert class component render function 1`] = `
"export default defineComponent({
  props: {},
  name: \\"TestComp\\",
  render() {
    return this.$slots.default;
  },
  setup(props, context) {
    // TODO: Please remove unused return variable
    return {};
  }
});
"
`;
